// Jest Snapshot v1, https://goo.gl/fbAQLP

exports[`Pruebas en <GifItem /> Debe hacer match con el snapshot 1`] = `
<div>
  <div
    class="card"
  >
    <img
      alt="Iron Cat"
      src="https://i.kym-cdn.com/photos/images/newsfeed/002/164/868/943.jpg"
    />
    <p>
      Iron Cat
    </p>
  </div>
</div>
`;
