// Jest Snapshot v1, https://goo.gl/fbAQLP

exports[`Pruebas en <FirstApp /> debe hacer natchcon el snapshot 1`] = `
<div>
  <h1
    data-testid="test-title"
  >
    Hola soy goku
  </h1>
  <h2>
    No hay subtitulo
  </h2>
  <h2>
    No hay subtitulo
  </h2>
  <h3>
    No hay titulo
  </h3>
</div>
`;
